INSTRUMENTATION_STATUS: class=com.kfaino.diapertracker.WebDavLiveDeviceTest
INSTRUMENTATION_STATUS: current=1
INSTRUMENTATION_STATUS: id=AndroidJUnitRunner
INSTRUMENTATION_STATUS: numtests=8
INSTRUMENTATION_STATUS: stream=
com.kfaino.diapertracker.WebDavLiveDeviceTest:
INSTRUMENTATION_STATUS: test=publicHttpsUploadDownloadAndRestoreAllCollections
INSTRUMENTATION_STATUS_CODE: 1
INSTRUMENTATION_STATUS: class=com.kfaino.diapertracker.WebDavLiveDeviceTest
INSTRUMENTATION_STATUS: current=1
INSTRUMENTATION_STATUS: id=AndroidJUnitRunner
INSTRUMENTATION_STATUS: numtests=8
INSTRUMENTATION_STATUS: stack=org.junit.AssumptionViolatedException: Live test requires runtime-only config
	at org.junit.Assume.assumeTrue(Assume.java:68)
	at com.kfaino.diapertracker.WebDavLiveDeviceTest.publicHttpsUploadDownloadAndRestoreAllCollections(WebDavLiveDeviceTest.kt:29)
	at java.lang.reflect.Method.invoke(Native Method)
	at org.junit.runners.model.FrameworkMethod$1.runReflectiveCall(FrameworkMethod.java:59)
	at org.junit.internal.runners.model.ReflectiveCallable.run(ReflectiveCallable.java:12)
	at org.junit.runners.model.FrameworkMethod.invokeExplosively(FrameworkMethod.java:56)
	at org.junit.internal.runners.statements.InvokeMethod.evaluate(InvokeMethod.java:17)
	at org.junit.runners.ParentRunner$3.evaluate(ParentRunner.java:306)
	at org.junit.runners.BlockJUnit4ClassRunner$1.evaluate(BlockJUnit4ClassRunner.java:100)
	at org.junit.runners.ParentRunner.runLeaf(ParentRunner.java:366)
	at org.junit.runners.BlockJUnit4ClassRunner.runChild(BlockJUnit4ClassRunner.java:103)
	at org.junit.runners.BlockJUnit4ClassRunner.runChild(BlockJUnit4ClassRunner.java:63)
	at org.junit.runners.ParentRunner$4.run(ParentRunner.java:331)
	at org.junit.runners.ParentRunner$1.schedule(ParentRunner.java:79)
	at org.junit.runners.ParentRunner.runChildren(ParentRunner.java:329)
	at org.junit.runners.ParentRunner.access$100(ParentRunner.java:66)
	at org.junit.runners.ParentRunner$2.evaluate(ParentRunner.java:293)
	at org.junit.runners.ParentRunner$3.evaluate(ParentRunner.java:306)
	at org.junit.runners.ParentRunner.run(ParentRunner.java:413)
	at org.junit.runners.Suite.runChild(Suite.java:128)
	at org.junit.runners.Suite.runChild(Suite.java:27)
	at org.junit.runners.ParentRunner$4.run(ParentRunner.java:331)
	at org.junit.runners.ParentRunner$1.schedule(ParentRunner.java:79)
	at org.junit.runners.ParentRunner.runChildren(ParentRunner.java:329)
	at org.junit.runners.ParentRunner.access$100(ParentRunner.java:66)
	at org.junit.runners.ParentRunner$2.evaluate(ParentRunner.java:293)
	at org.junit.runners.ParentRunner$3.evaluate(ParentRunner.java:306)
	at org.junit.runners.ParentRunner.run(ParentRunner.java:413)
	at org.junit.runner.JUnitCore.run(JUnitCore.java:137)
	at org.junit.runner.JUnitCore.run(JUnitCore.java:115)
	at androidx.test.internal.runner.TestExecutor.execute(TestExecutor.java:67)
	at androidx.test.internal.runner.TestExecutor.execute(TestExecutor.java:58)
	at androidx.test.runner.AndroidJUnitRunner.onStart(AndroidJUnitRunner.java:446)
	at android.app.Instrumentation$InstrumentationThread.run(Instrumentation.java:2402)

INSTRUMENTATION_STATUS: stream=
com.kfaino.diapertracker.WebDavLiveDeviceTest:
INSTRUMENTATION_STATUS: test=publicHttpsUploadDownloadAndRestoreAllCollections
INSTRUMENTATION_STATUS_CODE: -4
INSTRUMENTATION_STATUS: class=com.kfaino.diapertracker.UpdateTlsLiveTest
INSTRUMENTATION_STATUS: current=2
INSTRUMENTATION_STATUS: id=AndroidJUnitRunner
INSTRUMENTATION_STATUS: numtests=8
INSTRUMENTATION_STATUS: stream=
com.kfaino.diapertracker.UpdateTlsLiveTest:
INSTRUMENTATION_STATUS: test=officialTlsChainWorksOnAndroid
INSTRUMENTATION_STATUS_CODE: 1
INSTRUMENTATION_STATUS: class=com.kfaino.diapertracker.UpdateTlsLiveTest
INSTRUMENTATION_STATUS: current=2
INSTRUMENTATION_STATUS: id=AndroidJUnitRunner
INSTRUMENTATION_STATUS: numtests=8
INSTRUMENTATION_STATUS: stream=.
INSTRUMENTATION_STATUS: test=officialTlsChainWorksOnAndroid
INSTRUMENTATION_STATUS_CODE: 0
INSTRUMENTATION_STATUS: class=com.kfaino.diapertracker.WorkbenchDeviceTest
INSTRUMENTATION_STATUS: current=3
INSTRUMENTATION_STATUS: id=AndroidJUnitRunner
INSTRUMENTATION_STATUS: numtests=8
INSTRUMENTATION_STATUS: stream=
com.kfaino.diapertracker.WorkbenchDeviceTest:
INSTRUMENTATION_STATUS: test=desktopEncryptedFixtureRoundTripsThroughAndroid
INSTRUMENTATION_STATUS_CODE: 1
INSTRUMENTATION_STATUS: class=com.kfaino.diapertracker.WorkbenchDeviceTest
INSTRUMENTATION_STATUS: current=3
INSTRUMENTATION_STATUS: id=AndroidJUnitRunner
INSTRUMENTATION_STATUS: numtests=8
INSTRUMENTATION_STATUS: stream=.
INSTRUMENTATION_STATUS: test=desktopEncryptedFixtureRoundTripsThroughAndroid
INSTRUMENTATION_STATUS_CODE: 0
INSTRUMENTATION_STATUS: class=com.kfaino.diapertracker.WorkbenchDeviceTest
INSTRUMENTATION_STATUS: current=4
INSTRUMENTATION_STATUS: id=AndroidJUnitRunner
INSTRUMENTATION_STATUS: numtests=8
INSTRUMENTATION_STATUS: stream=
INSTRUMENTATION_STATUS: test=encryptedWorkflowRoundTripUsesRealAndroidCryptoAndPreferences
INSTRUMENTATION_STATUS_CODE: 1
INSTRUMENTATION_STATUS: class=com.kfaino.diapertracker.WorkbenchDeviceTest
INSTRUMENTATION_STATUS: current=4
INSTRUMENTATION_STATUS: id=AndroidJUnitRunner
INSTRUMENTATION_STATUS: numtests=8
INSTRUMENTATION_STATUS: stream=.
INSTRUMENTATION_STATUS: test=encryptedWorkflowRoundTripUsesRealAndroidCryptoAndPreferences
INSTRUMENTATION_STATUS_CODE: 0
INSTRUMENTATION_STATUS: class=com.kfaino.diapertracker.ReliableStorageDeviceTest
INSTRUMENTATION_STATUS: current=5
INSTRUMENTATION_STATUS: id=AndroidJUnitRunner
INSTRUMENTATION_STATUS: numtests=8
INSTRUMENTATION_STATUS: stream=
com.kfaino.diapertracker.ReliableStorageDeviceTest:
INSTRUMENTATION_STATUS: test=invalidImportsKeepPreferencesAndDeletionDoesNotResurrect
INSTRUMENTATION_STATUS_CODE: 1
INSTRUMENTATION_STATUS: class=com.kfaino.diapertracker.ReliableStorageDeviceTest
INSTRUMENTATION_STATUS: current=5
INSTRUMENTATION_STATUS: id=AndroidJUnitRunner
INSTRUMENTATION_STATUS: numtests=8
INSTRUMENTATION_STATUS: stream=.
INSTRUMENTATION_STATUS: test=invalidImportsKeepPreferencesAndDeletionDoesNotResurrect
INSTRUMENTATION_STATUS_CODE: 0
INSTRUMENTATION_STATUS: class=com.kfaino.diapertracker.ReliableStorageDeviceTest
INSTRUMENTATION_STATUS: current=6
INSTRUMENTATION_STATUS: id=AndroidJUnitRunner
INSTRUMENTATION_STATUS: numtests=8
INSTRUMENTATION_STATUS: stream=
INSTRUMENTATION_STATUS: test=interruptedRestoreRollsBackTypedPreferencesBeforeUse
INSTRUMENTATION_STATUS_CODE: 1
INSTRUMENTATION_STATUS: class=com.kfaino.diapertracker.ReliableStorageDeviceTest
INSTRUMENTATION_STATUS: current=6
INSTRUMENTATION_STATUS: id=AndroidJUnitRunner
INSTRUMENTATION_STATUS: numtests=8
INSTRUMENTATION_STATUS: stream=.
INSTRUMENTATION_STATUS: test=interruptedRestoreRollsBackTypedPreferencesBeforeUse
INSTRUMENTATION_STATUS_CODE: 0
INSTRUMENTATION_STATUS: class=com.kfaino.diapertracker.ReliableStorageDeviceTest
INSTRUMENTATION_STATUS: current=7
INSTRUMENTATION_STATUS: id=AndroidJUnitRunner
INSTRUMENTATION_STATUS: numtests=8
INSTRUMENTATION_STATUS: stream=
INSTRUMENTATION_STATUS: test=linksOriginalsAndReminderStateSurviveReopening
INSTRUMENTATION_STATUS_CODE: 1
INSTRUMENTATION_STATUS: class=com.kfaino.diapertracker.ReliableStorageDeviceTest
INSTRUMENTATION_STATUS: current=7
INSTRUMENTATION_STATUS: id=AndroidJUnitRunner
INSTRUMENTATION_STATUS: numtests=8
INSTRUMENTATION_STATUS: stream=.
INSTRUMENTATION_STATUS: test=linksOriginalsAndReminderStateSurviveReopening
INSTRUMENTATION_STATUS_CODE: 0
INSTRUMENTATION_STATUS: class=com.kfaino.diapertracker.ReliableStorageDeviceTest
INSTRUMENTATION_STATUS: current=8
INSTRUMENTATION_STATUS: id=AndroidJUnitRunner
INSTRUMENTATION_STATUS: numtests=8
INSTRUMENTATION_STATUS: stream=
INSTRUMENTATION_STATUS: test=allCollectionsAndAttachmentRestoreWithoutLosingUnknownFields
INSTRUMENTATION_STATUS_CODE: 1
INSTRUMENTATION_STATUS: class=com.kfaino.diapertracker.ReliableStorageDeviceTest
INSTRUMENTATION_STATUS: current=8
INSTRUMENTATION_STATUS: id=AndroidJUnitRunner
INSTRUMENTATION_STATUS: numtests=8
INSTRUMENTATION_STATUS: stream=.
INSTRUMENTATION_STATUS: test=allCollectionsAndAttachmentRestoreWithoutLosingUnknownFields
INSTRUMENTATION_STATUS_CODE: 0
INSTRUMENTATION_RESULT: stream=

Time: 110.013

OK (8 tests)


INSTRUMENTATION_CODE: -1
