> Task :shared:checkKotlinGradlePluginConfigurationErrors
> Task :shared:compileKotlin UP-TO-DATE
> Task :shared:compileJava NO-SOURCE
> Task :shared:processResources NO-SOURCE
> Task :shared:classes UP-TO-DATE
> Task :shared:jar UP-TO-DATE
> Task :shared:compileTestKotlin UP-TO-DATE
> Task :shared:compileTestJava NO-SOURCE
> Task :shared:processTestResources NO-SOURCE
> Task :shared:testClasses UP-TO-DATE
> Task :shared:test UP-TO-DATE
> Task :desktop:checkKotlinGradlePluginConfigurationErrors
> Task :desktop:compileKotlin UP-TO-DATE
> Task :desktop:compileJava NO-SOURCE
> Task :desktop:processResources UP-TO-DATE
> Task :desktop:classes UP-TO-DATE
> Task :desktop:jar
> Task :desktop:compileTestKotlin UP-TO-DATE
> Task :desktop:compileTestJava NO-SOURCE
> Task :desktop:processTestResources NO-SOURCE
> Task :desktop:testClasses UP-TO-DATE
> Task :desktop:test UP-TO-DATE
> Task :app:buildKotlinToolingMetadata UP-TO-DATE
> Task :app:checkKotlinGradlePluginConfigurationErrors
> Task :app:preBuild UP-TO-DATE
> Task :app:preReleaseBuild UP-TO-DATE
> Task :app:dataBindingMergeDependencyArtifactsRelease UP-TO-DATE
> Task :app:generateReleaseResValues UP-TO-DATE
> Task :app:generateReleaseResources UP-TO-DATE
> Task :app:mergeReleaseResources UP-TO-DATE
> Task :app:packageReleaseResources UP-TO-DATE
> Task :app:parseReleaseLocalResources UP-TO-DATE
> Task :app:dataBindingGenBaseClassesRelease UP-TO-DATE
> Task :app:checkReleaseAarMetadata UP-TO-DATE
> Task :app:mapReleaseSourceSetPaths UP-TO-DATE
> Task :app:createReleaseCompatibleScreenManifests
> Task :app:extractDeepLinksRelease UP-TO-DATE
> Task :app:processReleaseMainManifest
> Task :app:processReleaseManifest
> Task :app:javaPreCompileRelease UP-TO-DATE
> Task :app:preReleaseUnitTestBuild UP-TO-DATE
> Task :app:javaPreCompileReleaseUnitTest UP-TO-DATE
> Task :app:processReleaseManifestForPackage
> Task :app:processReleaseResources
> Task :app:compileReleaseKotlin UP-TO-DATE
> Task :app:compileReleaseJavaWithJavac UP-TO-DATE
> Task :app:bundleReleaseClassesToRuntimeJar UP-TO-DATE
> Task :app:bundleReleaseClassesToCompileJar UP-TO-DATE
> Task :app:compileReleaseUnitTestKotlin UP-TO-DATE
> Task :app:compileReleaseUnitTestJavaWithJavac NO-SOURCE
> Task :app:processReleaseJavaRes UP-TO-DATE
> Task :app:processReleaseUnitTestJavaRes UP-TO-DATE
> Task :app:testReleaseUnitTest UP-TO-DATE

BUILD SUCCESSFUL in 20s
37 actionable tasks: 9 executed, 28 up-to-date
Compiling Native WebView2 Host CollecterWindow.exe ...
**********************************************************************
** Visual Studio 2022 Developer Command Prompt v17.14.39
** Copyright (c) 2025 Microsoft Corporation
**********************************************************************
[vcvarsall.bat] Environment initialized for: 'x64'
CollecterWindow.cpp
F:\LANShare\AgentWorkSpace\Collector\desktop\src\main\native\webview2\CollecterWindow.cpp(227): warning C4996: '_wgetenv': This function or variable may be unsafe. Consider using _wdupenv_s instead. To disable deprecation, use _CRT_SECURE_NO_WARNINGS. See online help for details.
F:\LANShare\AgentWorkSpace\Collector\desktop\src\main\native\webview2\CollecterWindow.cpp(230): warning C4996: '_wgetenv': This function or variable may be unsafe. Consider using _wdupenv_s instead. To disable deprecation, use _CRT_SECURE_NO_WARNINGS. See online help for details.
Native WebView2 Host build SUCCESS: F:\LANShare\AgentWorkSpace\Collector\desktop\build\native-window\CollecterWindow.exe
Verified windows-native artifact: F:\LANShare\AgentWorkSpace\Collector\dist\desktop\4.3.9-windows-native-20260901221749
WARNING: Unsigned portable bundle; clean-machine install/upgrade acceptance still required.
