Initialized native services in: C:\Users\kfaino\.gradle\native
Initialized jansi services in: C:\Users\kfaino\.gradle\native
Received JVM installation metadata from 'E:\MigratedApps\JDK17': {JAVA_HOME=E:\MigratedApps\JDK17, JAVA_VERSION=17.0.20, JAVA_VENDOR=Eclipse Adoptium, RUNTIME_NAME=OpenJDK Runtime Environment, RUNTIME_VERSION=17.0.20+8, VM_NAME=OpenJDK 64-Bit Server VM, VM_VERSION=17.0.20+8, VM_VENDOR=Eclipse Adoptium, OS_ARCH=amd64}
Found daemon DaemonInfo{pid=37200, address=[4f84b7d3-08ab-4d42-93ad-8db6cee61839 port:7800, addresses:[/127.0.0.1]], state=Idle, lastBusy=1787071597939, context=DefaultDaemonContext[uid=dcb1619f-9b0a-4ffc-a527-570a2c406f05,javaHome=C:\Program Files\Eclipse Adoptium\jdk-17.0.20.8-hotspot,daemonRegistryDir=C:\Users\kfaino\.gradle\daemon,pid=37200,idleTimeout=10800000,priority=NORMAL,applyInstrumentationAgent=true,daemonOpts=--add-opens=java.base/java.util=ALL-UNNAMED,--add-opens=java.base/java.lang=ALL-UNNAMED,--add-opens=java.base/java.lang.invoke=ALL-UNNAMED,--add-opens=java.prefs/java.util.prefs=ALL-UNNAMED,--add-opens=java.base/java.nio.charset=ALL-UNNAMED,--add-opens=java.base/java.net=ALL-UNNAMED,--add-opens=java.base/java.util.concurrent.atomic=ALL-UNNAMED,-Xmx2048m,-Dfile.encoding=UTF-8,-Duser.country=CN,-Duser.language=zh,-Duser.variant]} however its context does not match the desired criteria.
Java home is different.
Wanted: DefaultDaemonContext[uid=null,javaHome=E:\MigratedApps\JDK17,daemonRegistryDir=C:\Users\kfaino\.gradle\daemon,pid=22152,idleTimeout=null,priority=NORMAL,applyInstrumentationAgent=true,daemonOpts=--add-opens=java.base/java.util=ALL-UNNAMED,--add-opens=java.base/java.lang=ALL-UNNAMED,--add-opens=java.base/java.lang.invoke=ALL-UNNAMED,--add-opens=java.prefs/java.util.prefs=ALL-UNNAMED,--add-opens=java.base/java.nio.charset=ALL-UNNAMED,--add-opens=java.base/java.net=ALL-UNNAMED,--add-opens=java.base/java.util.concurrent.atomic=ALL-UNNAMED,-Xmx2048m,-Dfile.encoding=UTF-8,-Duser.country=CN,-Duser.language=zh,-Duser.variant]
Actual: DefaultDaemonContext[uid=dcb1619f-9b0a-4ffc-a527-570a2c406f05,javaHome=C:\Program Files\Eclipse Adoptium\jdk-17.0.20.8-hotspot,daemonRegistryDir=C:\Users\kfaino\.gradle\daemon,pid=37200,idleTimeout=10800000,priority=NORMAL,applyInstrumentationAgent=true,daemonOpts=--add-opens=java.base/java.util=ALL-UNNAMED,--add-opens=java.base/java.lang=ALL-UNNAMED,--add-opens=java.base/java.lang.invoke=ALL-UNNAMED,--add-opens=java.prefs/java.util.prefs=ALL-UNNAMED,--add-opens=java.base/java.nio.charset=ALL-UNNAMED,--add-opens=java.base/java.net=ALL-UNNAMED,--add-opens=java.base/java.util.concurrent.atomic=ALL-UNNAMED,-Xmx2048m,-Dfile.encoding=UTF-8,-Duser.country=CN,-Duser.language=zh,-Duser.variant]

  Looking for a different daemon...
The client will now receive all logging from the daemon (pid: 35420). The daemon log file: C:\Users\kfaino\.gradle\daemon\8.5\daemon-35420.out.log
Starting 18th build in daemon [uptime: 1 hrs 4 mins 9.799 secs, performance: 100%, GC rate: 0.00/s, heap usage: 0% of 2 GiB]
Using 12 worker leases.
Closing daemon's stdin at end of input.
The daemon will no longer process any standard input.
Now considering [F:\LANShare\AgentWorkSpace\Collector] as hierarchies to watch
Watching the file system is configured to be enabled if available
File system watching is active
Starting Build
Settings evaluated using settings file 'F:\LANShare\AgentWorkSpace\Collector\settings.gradle.kts'.
Projects loaded. Root project using build file 'F:\LANShare\AgentWorkSpace\Collector\build.gradle.kts'.
Included projects: [root project 'Collecter', project ':app', project ':desktop', project ':shared']

> Configure project :
Evaluating root project 'Collecter' using build file 'F:\LANShare\AgentWorkSpace\Collector\build.gradle.kts'.

> Configure project :app
Evaluating project ':app' using build file 'F:\LANShare\AgentWorkSpace\Collector\app\build.gradle.kts'.
Using default execution profile
Using Kotlin Gradle Plugin gradle82 variant
Caching disabled for Kotlin DSL accessors for project ':app' because:
  Build cache is disabled
Skipping Kotlin DSL accessors for project ':app' as it is up-to-date.

> Configure project :desktop
Evaluating project ':desktop' using build file 'F:\LANShare\AgentWorkSpace\Collector\desktop\build.gradle.kts'.
Using Kotlin Gradle Plugin gradle82 variant
kotlin scripting plugin: created the scripting discovery configuration: kotlinScriptDef
kotlin scripting plugin: created the scripting discovery configuration: testKotlinScriptDef
Caching disabled for Kotlin DSL accessors for project ':desktop' because:
  Build cache is disabled
Skipping Kotlin DSL accessors for project ':desktop' as it is up-to-date.

> Configure project :shared
Evaluating project ':shared' using build file 'F:\LANShare\AgentWorkSpace\Collector\shared\build.gradle.kts'.
Using Kotlin Gradle Plugin gradle82 variant
kotlin scripting plugin: created the scripting discovery configuration: kotlinScriptDef
kotlin scripting plugin: created the scripting discovery configuration: testKotlinScriptDef
Caching disabled for Kotlin DSL accessors for project ':shared' because:
  Build cache is disabled
Skipping Kotlin DSL accessors for project ':shared' as it is up-to-date.
All projects evaluated.
Task path ':shared:test' matched project ':shared'
Task name matched 'test'
Selected primary task 'test' from project :shared
Tasks to be executed: [task ':shared:checkKotlinGradlePluginConfigurationErrors', task ':shared:compileKotlin', task ':shared:compileJava', task ':shared:processResources', task ':shared:classes', task ':shared:compileTestKotlin', task ':shared:compileTestJava', task ':shared:processTestResources', task ':shared:testClasses', task ':shared:test']
Tasks that were excluded: []
Resolve mutations for :shared:checkKotlinGradlePluginConfigurationErrors (Thread[Execution worker,5,main]) started.
:shared:checkKotlinGradlePluginConfigurationErrors (Thread[Execution worker,5,main]) started.

> Task :shared:checkKotlinGradlePluginConfigurationErrors
Caching disabled for task ':shared:checkKotlinGradlePluginConfigurationErrors' because:
  Build cache is disabled
Task ':shared:checkKotlinGradlePluginConfigurationErrors' is not up-to-date because:
  Task has not declared any outputs despite executing actions.
Resolve mutations for :shared:compileKotlin (Thread[Execution worker,5,main]) started.
:shared:compileKotlin (Thread[Execution worker,5,main]) started.
Resolve mutations for :shared:processResources (Thread[Execution worker Thread 2,5,main]) started.
:shared:processResources (Thread[Execution worker Thread 2,5,main]) started.

> Task :shared:processResources NO-SOURCE
Skipping task ':shared:processResources' as it has no source files and no previous output files.
Resolve mutations for :shared:processTestResources (Thread[Execution worker Thread 2,5,main]) started.
:shared:processTestResources (Thread[Execution worker Thread 2,5,main]) started.

> Task :shared:processTestResources NO-SOURCE
Skipping task ':shared:processTestResources' as it has no source files and no previous output files.

> Task :shared:compileKotlin
Transforming kotlin-stdlib-1.9.22.jar with ClasspathEntrySnapshotTransform
Transforming json-20231013.jar with ClasspathEntrySnapshotTransform
Transforming annotations-13.0.jar with ClasspathEntrySnapshotTransform
Caching disabled for task ':shared:compileKotlin' because:
  Build cache is disabled
Task ':shared:compileKotlin' is not up-to-date because:
  Executed with '--rerun-tasks'.
The input changes require a full rebuild for incremental task ':shared:compileKotlin'.
file or directory 'F:\LANShare\AgentWorkSpace\Collector\shared\src\main\java', not found
file or directory 'F:\LANShare\AgentWorkSpace\Collector\shared\src\main\java', not found
file or directory 'F:\LANShare\AgentWorkSpace\Collector\shared\src\main\java', not found
file or directory 'F:\LANShare\AgentWorkSpace\Collector\shared\src\main\java', not found
Kotlin source files: F:\LANShare\AgentWorkSpace\Collector\shared\src\main\kotlin\com\kfaino\collecter\core\BackupDocument.kt, F:\LANShare\AgentWorkSpace\Collector\shared\src\main\kotlin\com\kfaino\collecter\core\CollectionWorkbench.kt, F:\LANShare\AgentWorkSpace\Collector\shared\src\main\kotlin\com\kfaino\collecter\core\EncryptedBackup.kt, F:\LANShare\AgentWorkSpace\Collector\shared\src\main\kotlin\com\kfaino\collecter\core\FamilyEndpoint.kt, F:\LANShare\AgentWorkSpace\Collector\shared\src\main\kotlin\com\kfaino\collecter\core\LanHttp.kt, F:\LANShare\AgentWorkSpace\Collector\shared\src\main\kotlin\com\kfaino\collecter\core\SnapshotSync.kt, F:\LANShare\AgentWorkSpace\Collector\shared\src\main\kotlin\com\kfaino\collecter\core\WebDavHistoryClient.kt, F:\LANShare\AgentWorkSpace\Collector\shared\src\main\kotlin\com\kfaino\collecter\core\WebDavRevisionGuard.kt, F:\LANShare\AgentWorkSpace\Collector\shared\src\main\kotlin\com\kfaino\collecter\core\WireAliases.kt, F:\LANShare\AgentWorkSpace\Collector\shared\src\main\kotlin\com\kfaino\collecter\core\WorkspaceRecords.kt
Java source files: 
Script source files: 
Script file extensions: 
Using Kotlin/JVM incremental compilation
[KOTLIN] Kotlin compilation 'jdkHome' argument: E:\MigratedApps\JDK17
i: found daemon on port 17553 (3823838 ms old), trying to connect
i: connected to the daemon
Options for KOTLIN DAEMON: IncrementalCompilationOptions(super=CompilationOptions(compilerMode=INCREMENTAL_COMPILER, targetPlatform=JVM, reportCategories=[0, 3], reportSeverity=2, requestedCompilationResults=[0], kotlinScriptExtensions=[]), areFileChangesKnown=false, modifiedFiles=null, deletedFiles=null, classpathChanges=NotAvailableForNonIncrementalRun, workingDir=F:\LANShare\AgentWorkSpace\Collector\shared\build\kotlin\compileKotlin\cacheable, multiModuleICSettings=MultiModuleICSettings(buildHistoryFile=F:\LANShare\AgentWorkSpace\Collector\shared\build\kotlin\compileKotlin\local-state\build-history.bin, useModuleDetection=false), usePreciseJavaTracking=true, outputFiles=[F:\LANShare\AgentWorkSpace\Collector\shared\build\classes\kotlin\main, F:\LANShare\AgentWorkSpace\Collector\shared\build\kotlin\compileKotlin\cacheable, F:\LANShare\AgentWorkSpace\Collector\shared\build\kotlin\compileKotlin\local-state])
Resolve mutations for :shared:compileJava (Thread[Execution worker,5,main]) started.
:shared:compileJava (Thread[Execution worker,5,main]) started.

> Task :shared:compileJava NO-SOURCE
Skipping task ':shared:compileJava' as it has no source files and no previous output files.
Resolve mutations for :shared:classes (Thread[Execution worker,5,main]) started.
:shared:classes (Thread[Execution worker,5,main]) started.

> Task :shared:classes UP-TO-DATE
Skipping task ':shared:classes' as it has no actions.
Resolve mutations for :shared:compileTestKotlin (Thread[Execution worker,5,main]) started.
:shared:compileTestKotlin (Thread[Execution worker,5,main]) started.

> Task :shared:compileTestKotlin
Transforming main with ClasspathEntrySnapshotTransform
Transforming kotlin-stdlib-1.9.22.jar with ClasspathEntrySnapshotTransform
Transforming json-20231013.jar with ClasspathEntrySnapshotTransform
Transforming junit-4.13.2.jar with ClasspathEntrySnapshotTransform
Transforming annotations-13.0.jar with ClasspathEntrySnapshotTransform
Transforming hamcrest-core-1.3.jar with ClasspathEntrySnapshotTransform
Caching disabled for ClasspathEntrySnapshotTransform: F:\LANShare\AgentWorkSpace\Collector\shared\build\classes\kotlin\main because:
  Build cache is disabled
Skipping ClasspathEntrySnapshotTransform: F:\LANShare\AgentWorkSpace\Collector\shared\build\classes\kotlin\main as it is up-to-date.
Caching disabled for task ':shared:compileTestKotlin' because:
  Build cache is disabled
Task ':shared:compileTestKotlin' is not up-to-date because:
  Executed with '--rerun-tasks'.
The input changes require a full rebuild for incremental task ':shared:compileTestKotlin'.
file or directory 'F:\LANShare\AgentWorkSpace\Collector\shared\src\test\java', not found
file or directory 'F:\LANShare\AgentWorkSpace\Collector\shared\src\test\java', not found
file or directory 'F:\LANShare\AgentWorkSpace\Collector\shared\src\test\java', not found
file or directory 'F:\LANShare\AgentWorkSpace\Collector\shared\src\test\java', not found
Kotlin source files: F:\LANShare\AgentWorkSpace\Collector\shared\src\test\kotlin\com\kfaino\collecter\core\BackupBoundary456Test.kt, F:\LANShare\AgentWorkSpace\Collector\shared\src\test\kotlin\com\kfaino\collecter\core\BackupDocumentTest.kt, F:\LANShare\AgentWorkSpace\Collector\shared\src\test\kotlin\com\kfaino\collecter\core\CollectionWorkbenchTest.kt, F:\LANShare\AgentWorkSpace\Collector\shared\src\test\kotlin\com\kfaino\collecter\core\DeferredWorkRegressionTest.kt, F:\LANShare\AgentWorkSpace\Collector\shared\src\test\kotlin\com\kfaino\collecter\core\EncryptedBackupTest.kt, F:\LANShare\AgentWorkSpace\Collector\shared\src\test\kotlin\com\kfaino\collecter\core\FamilyEndpointTest.kt, F:\LANShare\AgentWorkSpace\Collector\shared\src\test\kotlin\com\kfaino\collecter\core\LanHttpTest.kt, F:\LANShare\AgentWorkSpace\Collector\shared\src\test\kotlin\com\kfaino\collecter\core\Release436AliasesTest.kt, F:\LANShare\AgentWorkSpace\Collector\shared\src\test\kotlin\com\kfaino\collecter\core\SnapshotSyncTest.kt, F:\LANShare\AgentWorkSpace\Collector\shared\src\test\kotlin\com\kfaino\collecter\core\WebDavHistoryClientTest.kt, F:\LANShare\AgentWorkSpace\Collector\shared\src\test\kotlin\com\kfaino\collecter\core\WebDavRevisionGuardTest.kt, F:\LANShare\AgentWorkSpace\Collector\shared\src\test\kotlin\com\kfaino\collecter\core\WorkspaceRecordsTest.kt
Java source files: 
Script source files: 
Script file extensions: 
Using Kotlin/JVM incremental compilation
[KOTLIN] Kotlin compilation 'jdkHome' argument: E:\MigratedApps\JDK17
i: found daemon on port 17553 (3827007 ms old), trying to connect
i: connected to the daemon
Options for KOTLIN DAEMON: IncrementalCompilationOptions(super=CompilationOptions(compilerMode=INCREMENTAL_COMPILER, targetPlatform=JVM, reportCategories=[0, 3], reportSeverity=2, requestedCompilationResults=[0], kotlinScriptExtensions=[]), areFileChangesKnown=false, modifiedFiles=null, deletedFiles=null, classpathChanges=NotAvailableForNonIncrementalRun, workingDir=F:\LANShare\AgentWorkSpace\Collector\shared\build\kotlin\compileTestKotlin\cacheable, multiModuleICSettings=MultiModuleICSettings(buildHistoryFile=F:\LANShare\AgentWorkSpace\Collector\shared\build\kotlin\compileTestKotlin\local-state\build-history.bin, useModuleDetection=false), usePreciseJavaTracking=true, outputFiles=[F:\LANShare\AgentWorkSpace\Collector\shared\build\classes\kotlin\test, F:\LANShare\AgentWorkSpace\Collector\shared\build\kotlin\compileTestKotlin\cacheable, F:\LANShare\AgentWorkSpace\Collector\shared\build\kotlin\compileTestKotlin\local-state])
Resolve mutations for :shared:compileTestJava (Thread[Execution worker,5,main]) started.
:shared:compileTestJava (Thread[Execution worker,5,main]) started.

> Task :shared:compileTestJava NO-SOURCE
Skipping task ':shared:compileTestJava' as it has no source files and no previous output files.
Resolve mutations for :shared:testClasses (Thread[Execution worker,5,main]) started.
:shared:testClasses (Thread[Execution worker,5,main]) started.

> Task :shared:testClasses UP-TO-DATE
Skipping task ':shared:testClasses' as it has no actions.
Resolve mutations for :shared:test (Thread[Execution worker,5,main]) started.
:shared:test (Thread[Execution worker,5,main]) started.
Gradle Test Executor 8 started executing tests.

> Task :shared:test
Caching disabled for task ':shared:test' because:
  Build cache is disabled
Task ':shared:test' is not up-to-date because:
  Executed with '--rerun-tasks'.
file or directory 'F:\LANShare\AgentWorkSpace\Collector\shared\build\classes\java\test', not found
Starting process 'Gradle Test Executor 8'. Working directory: F:\LANShare\AgentWorkSpace\Collector\shared Command: E:\MigratedApps\JDK17\bin\java.exe -Dorg.gradle.internal.worker.tmpdir=F:\LANShare\AgentWorkSpace\Collector\shared\build\tmp\test\work -Dorg.gradle.native=false @C:\Users\kfaino\.gradle\.tmp\gradle-worker-classpath3732078000767073588txt -Xmx512m -Dfile.encoding=UTF-8 -Duser.country=CN -Duser.language=zh -Duser.variant -ea worker.org.gradle.process.internal.worker.GradleWorkerMain 'Gradle Test Executor 8'
Successfully started process 'Gradle Test Executor 8'

com.kfaino.collecter.core.BackupBoundary456Test > exactUtf8LimitAcceptedAndOneByteOverRejected STANDARD_OUT
    BOUNDARY: exact 64 MiB accepted; 64 MiB+1 rejected (JVM parser only)

com.kfaino.collecter.core.BackupBoundary456Test > repeatedBatchOperationsPreserveUnknownFieldsAndHistory STANDARD_OUT
    PRESSURE: records=1000 batches=100 totalUpdated=1000 elapsedMs=10230 JVM only

com.kfaino.collecter.core.CollectionWorkbenchTest > twentyThousandRecordSearchMeasuredWithoutClaimingDeviceLatency STANDARD_OUT
    PERF workbench search: records=20000 results=200 elapsedMs=174 (JVM only)

Gradle Test Executor 8 finished executing tests.

> Task :shared:test
Finished generating test XML results (0.009 secs) into: F:\LANShare\AgentWorkSpace\Collector\shared\build\test-results\test
Generating HTML test report...
Finished generating test html results (0.013 secs) into: F:\LANShare\AgentWorkSpace\Collector\shared\build\reports\tests\test

BUILD SUCCESSFUL in 20s
4 actionable tasks: 4 executed
Watched directory hierarchies: [F:\LANShare\AgentWorkSpace\Collector]
