> Task :shared:checkKotlinGradlePluginConfigurationErrors
> Task :shared:compileKotlin UP-TO-DATE
> Task :shared:compileJava NO-SOURCE
> Task :shared:processResources NO-SOURCE
> Task :shared:classes UP-TO-DATE
> Task :shared:jar UP-TO-DATE
> Task :shared:compileTestKotlin UP-TO-DATE
> Task :shared:compileTestJava NO-SOURCE
> Task :shared:processTestResources NO-SOURCE
> Task :shared:testClasses UP-TO-DATE
> Task :shared:test UP-TO-DATE
> Task :desktop:checkKotlinGradlePluginConfigurationErrors
> Task :desktop:compileKotlin UP-TO-DATE
> Task :desktop:compileJava NO-SOURCE
> Task :desktop:processResources UP-TO-DATE
> Task :desktop:classes UP-TO-DATE
> Task :desktop:jar UP-TO-DATE
> Task :desktop:compileTestKotlin UP-TO-DATE
> Task :desktop:compileTestJava NO-SOURCE
> Task :desktop:processTestResources NO-SOURCE
> Task :desktop:testClasses UP-TO-DATE
> Task :desktop:test UP-TO-DATE

BUILD SUCCESSFUL in 2s
11 actionable tasks: 2 executed, 9 up-to-date
