Starting a Gradle Daemon, 1 busy and 1 incompatible Daemons could not be reused, use --status for details
> Task :app:clean
> Task :desktop:clean
> Task :shared:clean
> Task :shared:checkKotlinGradlePluginConfigurationErrors
> Task :shared:processResources NO-SOURCE
> Task :shared:processTestResources NO-SOURCE
> Task :desktop:checkKotlinGradlePluginConfigurationErrors
> Task :desktop:processResources
> Task :desktop:processTestResources NO-SOURCE
> Task :app:buildKotlinToolingMetadata
> Task :app:checkKotlinGradlePluginConfigurationErrors
> Task :app:preBuild UP-TO-DATE
> Task :app:preReleaseBuild UP-TO-DATE
> Task :app:dataBindingMergeDependencyArtifactsRelease
> Task :app:generateReleaseResValues
> Task :app:generateReleaseResources
> Task :app:packageReleaseResources
> Task :app:mapReleaseSourceSetPaths
> Task :app:checkReleaseAarMetadata
> Task :app:createReleaseCompatibleScreenManifests
> Task :app:extractDeepLinksRelease
> Task :app:parseReleaseLocalResources
> Task :app:processReleaseMainManifest
> Task :app:mergeReleaseResources
> Task :app:processReleaseManifest
> Task :app:dataBindingGenBaseClassesRelease
> Task :app:preReleaseUnitTestBuild UP-TO-DATE
> Task :app:javaPreCompileRelease
> Task :app:javaPreCompileReleaseUnitTest
> Task :app:extractProguardFiles
> Task :app:mergeReleaseJniLibFolders
> Task :app:desugarReleaseFileDependencies
> Task :app:checkReleaseDuplicateClasses
> Task :app:mergeReleaseArtProfile
> Task :app:mergeReleaseShaders
> Task :app:compileReleaseShaders NO-SOURCE
> Task :app:generateReleaseAssets UP-TO-DATE
> Task :app:mergeReleaseAssets
> Task :app:compressReleaseAssets
> Task :app:collectReleaseDependencies
> Task :app:sdkReleaseDependencyData
> Task :app:validateSigningRelease
> Task :app:writeReleaseAppMetadata
> Task :app:writeReleaseSigningConfigVersions
> Task :app:processReleaseManifestForPackage
> Task :app:processReleaseResources
> Task :app:optimizeReleaseResources
> Task :shared:compileKotlin
> Task :app:mergeExtDexRelease
> Task :shared:compileJava NO-SOURCE
> Task :shared:classes UP-TO-DATE
> Task :shared:jar
> Task :app:mergeReleaseNativeLibs

> Task :app:stripReleaseDebugSymbols
Unable to strip the following libraries, packaging them as they are: libmlkit_google_ocr_pipeline.so.

> Task :app:extractReleaseNativeSymbolTables
> Task :app:mergeReleaseNativeDebugMetadata NO-SOURCE
> Task :shared:compileTestKotlin
> Task :shared:compileTestJava NO-SOURCE
> Task :shared:testClasses UP-TO-DATE
> Task :desktop:compileKotlin
> Task :app:compileReleaseKotlin
> Task :shared:test
> Task :desktop:compileJava NO-SOURCE
> Task :desktop:classes
> Task :desktop:jar
> Task :desktop:compileTestKotlin
> Task :desktop:compileTestJava NO-SOURCE
> Task :desktop:testClasses UP-TO-DATE
> Task :desktop:test

> Task :app:compileReleaseKotlin
w: file:///F:/LANShare/AgentWorkSpace/Collector/app/src/main/java/com/kfaino/diapertracker/AddEntryDialog.kt:71:30 Variable 'isSubscription' initializer is redundant
w: file:///F:/LANShare/AgentWorkSpace/Collector/app/src/main/java/com/kfaino/diapertracker/BluetoothPrinterHelper.kt:43:40 'getDefaultAdapter(): BluetoothAdapter!' is deprecated. Deprecated in Java
w: file:///F:/LANShare/AgentWorkSpace/Collector/app/src/main/java/com/kfaino/diapertracker/BluetoothPrinterHelper.kt:141:9 Parameter 'qrBitmap' is never used
w: file:///F:/LANShare/AgentWorkSpace/Collector/app/src/main/java/com/kfaino/diapertracker/DeclutterDecisionHelper.kt:28:13 Variable 'now' is never used
w: file:///F:/LANShare/AgentWorkSpace/Collector/app/src/main/java/com/kfaino/diapertracker/FamilyMedicineDialog.kt:116:9 Parameter 'currentFilter' is never used
w: file:///F:/LANShare/AgentWorkSpace/Collector/app/src/main/java/com/kfaino/diapertracker/FloorPlanDialog.kt:107:31 There is more than one label with such a name in this scope
w: file:///F:/LANShare/AgentWorkSpace/Collector/app/src/main/java/com/kfaino/diapertracker/GlobalSearchDialog.kt:31:34 Parameter 'store' is never used
w: file:///F:/LANShare/AgentWorkSpace/Collector/app/src/main/java/com/kfaino/diapertracker/GlobalSearchDialog.kt:31:52 Parameter 'onFilterMainList' is never used
w: file:///F:/LANShare/AgentWorkSpace/Collector/app/src/main/java/com/kfaino/diapertracker/HomeFragment.kt:743:17 Variable 'otherDigital' is never used
w: file:///F:/LANShare/AgentWorkSpace/Collector/app/src/main/java/com/kfaino/diapertracker/InsuranceClaimPackager.kt:20:45 Parameter 'incidentType' is never used
w: file:///F:/LANShare/AgentWorkSpace/Collector/app/src/main/java/com/kfaino/diapertracker/InsuranceClaimPackager.kt:36:34 Parameter 'idx' is never used, could be renamed to _
w: file:///F:/LANShare/AgentWorkSpace/Collector/app/src/main/java/com/kfaino/diapertracker/InsuranceClaimPackager.kt:37:17 Variable 'hasReceipt' is never used
w: file:///F:/LANShare/AgentWorkSpace/Collector/app/src/main/java/com/kfaino/diapertracker/InsuranceClaimPackager.kt:38:17 Variable 'pDate' is never used
w: file:///F:/LANShare/AgentWorkSpace/Collector/app/src/main/java/com/kfaino/diapertracker/KitManager.kt:131:21 Variable 'matchedCount' is never used
w: file:///F:/LANShare/AgentWorkSpace/Collector/app/src/main/java/com/kfaino/diapertracker/LanSyncHelper.kt:44:41 'getter for connectionInfo: WifiInfo!' is deprecated. Deprecated in Java
w: file:///F:/LANShare/AgentWorkSpace/Collector/app/src/main/java/com/kfaino/diapertracker/LanSyncHelper.kt:44:56 'getter for ipAddress: Int' is deprecated. Deprecated in Java
w: file:///F:/LANShare/AgentWorkSpace/Collector/app/src/main/java/com/kfaino/diapertracker/LanSyncHelper.kt:46:38 'formatIpAddress(Int): String!' is deprecated. Deprecated in Java
w: file:///F:/LANShare/AgentWorkSpace/Collector/app/src/main/java/com/kfaino/diapertracker/LendingVoucherGenerator.kt:34:9 Parameter 'context' is never used
w: file:///F:/LANShare/AgentWorkSpace/Collector/app/src/main/java/com/kfaino/diapertracker/LendingVoucherGenerator.kt:215:64 Parameter 'title' is never used
w: file:///F:/LANShare/AgentWorkSpace/Collector/app/src/main/java/com/kfaino/diapertracker/LifeCapsulePosterGenerator.kt:165:17 Variable 'linePaint' is never used
w: file:///F:/LANShare/AgentWorkSpace/Collector/app/src/main/java/com/kfaino/diapertracker/LifeCapsulePosterGenerator.kt:313:63 Parameter 'title' is never used
w: file:///F:/LANShare/AgentWorkSpace/Collector/app/src/main/java/com/kfaino/diapertracker/MaintenanceManagerDialog.kt:372:13 Parameter 'costStr' is never used, could be renamed to _
w: file:///F:/LANShare/AgentWorkSpace/Collector/app/src/main/java/com/kfaino/diapertracker/NfcHelper.kt:133:30 'getParcelableArrayExtra(String!): Array<(out) Parcelable!>?' is deprecated. Deprecated in Java
w: file:///F:/LANShare/AgentWorkSpace/Collector/app/src/main/java/com/kfaino/diapertracker/ProfileFragment.kt:134:23 No cast needed
w: file:///F:/LANShare/AgentWorkSpace/Collector/app/src/main/java/com/kfaino/diapertracker/ProfileFragment.kt:524:34 'getter for connectionInfo: WifiInfo!' is deprecated. Deprecated in Java
w: file:///F:/LANShare/AgentWorkSpace/Collector/app/src/main/java/com/kfaino/diapertracker/ProfileFragment.kt:524:50 'getter for ipAddress: Int' is deprecated. Deprecated in Java
w: file:///F:/LANShare/AgentWorkSpace/Collector/app/src/main/java/com/kfaino/diapertracker/RoboticGraspTopologyApi.kt:16:42 Parameter 'weightGrams' is never used
w: file:///F:/LANShare/AgentWorkSpace/Collector/app/src/main/java/com/kfaino/diapertracker/RoomManagerDialog.kt:154:9 Parameter 'store' is never used
w: file:///F:/LANShare/AgentWorkSpace/Collector/app/src/main/java/com/kfaino/diapertracker/RoomManagerDialog.kt:157:9 Parameter 'editIndex' is never used
w: file:///F:/LANShare/AgentWorkSpace/Collector/app/src/main/java/com/kfaino/diapertracker/SmartIntakeHelper.kt:37:9 Parameter 'context' is never used
w: file:///F:/LANShare/AgentWorkSpace/Collector/app/src/main/java/com/kfaino/diapertracker/SmartPacklistEngine.kt:18:26 Parameter 'store' is never used
w: file:///F:/LANShare/AgentWorkSpace/Collector/app/src/main/java/com/kfaino/diapertracker/StorageCleanupDialog.kt:4:20 'ProgressDialog' is deprecated. Deprecated in Java
w: file:///F:/LANShare/AgentWorkSpace/Collector/app/src/main/java/com/kfaino/diapertracker/StorageCleanupDialog.kt:150:30 'setter for progress: Int' is deprecated. Deprecated in Java
w: file:///F:/LANShare/AgentWorkSpace/Collector/app/src/main/java/com/kfaino/diapertracker/StorageCleanupDialog.kt:151:30 'setMessage(CharSequence!): Unit' is deprecated. Deprecated in Java
w: file:///F:/LANShare/AgentWorkSpace/Collector/app/src/main/java/com/kfaino/diapertracker/TimelineFragment.kt:35:31 Parameter 'pos' is never used, could be renamed to _
w: file:///F:/LANShare/AgentWorkSpace/Collector/app/src/main/java/com/kfaino/diapertracker/VaultAlertAggregator.kt:25:25 Parameter 'context' is never used
w: file:///F:/LANShare/AgentWorkSpace/Collector/app/src/main/java/com/kfaino/diapertracker/ViewExt.kt:24:37 'FLAG_IGNORE_GLOBAL_SETTING: Int' is deprecated. Deprecated in Java

> Task :app:compileReleaseJavaWithJavac
> Task :app:processReleaseJavaRes
> Task :app:generateReleaseLintVitalReportModel
> Task :app:bundleReleaseClassesToCompileJar
> Task :app:bundleReleaseClassesToRuntimeJar
> Task :app:compileReleaseUnitTestKotlin
> Task :app:lintVitalAnalyzeRelease
> Task :app:dexBuilderRelease
> Task :app:compileReleaseUnitTestJavaWithJavac NO-SOURCE
> Task :app:processReleaseUnitTestJavaRes
> Task :app:testReleaseUnitTest
> Task :app:mergeReleaseGlobalSynthetics
> Task :app:mergeReleaseJavaResource
> Task :app:mergeDexRelease
> Task :app:compileReleaseArtProfile
> Task :app:packageRelease
> Task :app:createReleaseApkListingFileRedirect
> Task :app:lintVitalReportRelease
> Task :app:lintVitalRelease
> Task :app:assembleRelease

BUILD SUCCESSFUL in 5m 47s
69 actionable tasks: 69 executed
