> Task :app:preBuild UP-TO-DATE
> Task :app:preDebugBuild UP-TO-DATE
> Task :app:mergeDebugNativeDebugMetadata NO-SOURCE
> Task :shared:checkKotlinGradlePluginConfigurationErrors
> Task :shared:compileKotlin UP-TO-DATE
> Task :shared:compileJava NO-SOURCE
> Task :shared:processResources NO-SOURCE
> Task :shared:classes UP-TO-DATE
> Task :shared:jar UP-TO-DATE
> Task :app:checkKotlinGradlePluginConfigurationErrors
> Task :app:dataBindingMergeDependencyArtifactsDebug
> Task :app:generateDebugResValues
> Task :app:generateDebugResources
> Task :app:mergeDebugResources
> Task :app:packageDebugResources
> Task :app:mapDebugSourceSetPaths
> Task :app:checkDebugAarMetadata
> Task :app:createDebugCompatibleScreenManifests
> Task :app:extractDeepLinksDebug
> Task :app:parseDebugLocalResources
> Task :app:processDebugMainManifest
> Task :app:dataBindingGenBaseClassesDebug
> Task :app:processDebugManifest
> Task :app:javaPreCompileDebug
> Task :app:mergeDebugShaders
> Task :app:compileDebugShaders NO-SOURCE
> Task :app:generateDebugAssets UP-TO-DATE
> Task :app:mergeDebugAssets
> Task :app:desugarDebugFileDependencies
> Task :app:mergeDebugJniLibFolders
> Task :app:compressDebugAssets
> Task :app:checkDebugDuplicateClasses
> Task :app:validateSigningDebug
> Task :app:writeDebugAppMetadata
> Task :app:writeDebugSigningConfigVersions
> Task :app:preDebugAndroidTestBuild SKIPPED
> Task :app:mergeLibDexDebug
> Task :app:dataBindingMergeDependencyArtifactsDebugAndroidTest
> Task :app:generateDebugAndroidTestResValues
> Task :app:mergeDebugNativeLibs
> Task :app:generateDebugAndroidTestResources
> Task :app:mergeDebugAndroidTestResources
> Task :app:checkDebugAndroidTestAarMetadata
> Task :app:mapDebugAndroidTestSourceSetPaths
> Task :app:dataBindingGenBaseClassesDebugAndroidTest

> Task :app:stripDebugDebugSymbols
Unable to strip the following libraries, packaging them as they are: libmlkit_google_ocr_pipeline.so.

> Task :app:processDebugAndroidTestManifest
> Task :app:javaPreCompileDebugAndroidTest
> Task :app:mergeDebugAndroidTestShaders
> Task :app:compileDebugAndroidTestShaders NO-SOURCE
> Task :app:generateDebugAndroidTestAssets UP-TO-DATE
> Task :app:mergeDebugAndroidTestAssets
> Task :app:compressDebugAndroidTestAssets
> Task :app:desugarDebugAndroidTestFileDependencies
> Task :app:checkDebugAndroidTestDuplicateClasses
> Task :app:mergeDebugAndroidTestJniLibFolders
> Task :app:mergeDebugAndroidTestNativeLibs NO-SOURCE
> Task :app:stripDebugAndroidTestDebugSymbols NO-SOURCE
> Task :app:mergeLibDexDebugAndroidTest
> Task :app:validateSigningDebugAndroidTest
> Task :app:writeDebugAndroidTestSigningConfigVersions
> Task :app:processDebugManifestForPackage
> Task :app:processDebugAndroidTestResources
> Task :app:mergeExtDexDebugAndroidTest
> Task :app:processDebugResources
> Task :app:mergeExtDexDebug
> Task :app:compileDebugKotlin
w: file:///F:/LANShare/AgentWorkSpace/Collector/app/src/main/java/com/kfaino/diapertracker/AddEntryDialog.kt:71:30 Variable 'isSubscription' initializer is redundant
w: file:///F:/LANShare/AgentWorkSpace/Collector/app/src/main/java/com/kfaino/diapertracker/BluetoothPrinterHelper.kt:43:40 'getDefaultAdapter(): BluetoothAdapter!' is deprecated. Deprecated in Java
w: file:///F:/LANShare/AgentWorkSpace/Collector/app/src/main/java/com/kfaino/diapertracker/BluetoothPrinterHelper.kt:141:9 Parameter 'qrBitmap' is never used
w: file:///F:/LANShare/AgentWorkSpace/Collector/app/src/main/java/com/kfaino/diapertracker/DeclutterDecisionHelper.kt:28:13 Variable 'now' is never used
w: file:///F:/LANShare/AgentWorkSpace/Collector/app/src/main/java/com/kfaino/diapertracker/FamilyMedicineDialog.kt:116:9 Parameter 'currentFilter' is never used
w: file:///F:/LANShare/AgentWorkSpace/Collector/app/src/main/java/com/kfaino/diapertracker/FloorPlanDialog.kt:107:31 There is more than one label with such a name in this scope
w: file:///F:/LANShare/AgentWorkSpace/Collector/app/src/main/java/com/kfaino/diapertracker/GlobalSearchDialog.kt:31:34 Parameter 'store' is never used
w: file:///F:/LANShare/AgentWorkSpace/Collector/app/src/main/java/com/kfaino/diapertracker/GlobalSearchDialog.kt:31:52 Parameter 'onFilterMainList' is never used
w: file:///F:/LANShare/AgentWorkSpace/Collector/app/src/main/java/com/kfaino/diapertracker/HomeFragment.kt:743:17 Variable 'otherDigital' is never used
w: file:///F:/LANShare/AgentWorkSpace/Collector/app/src/main/java/com/kfaino/diapertracker/InsuranceClaimPackager.kt:20:45 Parameter 'incidentType' is never used
w: file:///F:/LANShare/AgentWorkSpace/Collector/app/src/main/java/com/kfaino/diapertracker/InsuranceClaimPackager.kt:36:34 Parameter 'idx' is never used, could be renamed to _
w: file:///F:/LANShare/AgentWorkSpace/Collector/app/src/main/java/com/kfaino/diapertracker/InsuranceClaimPackager.kt:37:17 Variable 'hasReceipt' is never used
w: file:///F:/LANShare/AgentWorkSpace/Collector/app/src/main/java/com/kfaino/diapertracker/InsuranceClaimPackager.kt:38:17 Variable 'pDate' is never used
w: file:///F:/LANShare/AgentWorkSpace/Collector/app/src/main/java/com/kfaino/diapertracker/KitManager.kt:131:21 Variable 'matchedCount' is never used
w: file:///F:/LANShare/AgentWorkSpace/Collector/app/src/main/java/com/kfaino/diapertracker/LanSyncHelper.kt:44:41 'getter for connectionInfo: WifiInfo!' is deprecated. Deprecated in Java
w: file:///F:/LANShare/AgentWorkSpace/Collector/app/src/main/java/com/kfaino/diapertracker/LanSyncHelper.kt:44:56 'getter for ipAddress: Int' is deprecated. Deprecated in Java
w: file:///F:/LANShare/AgentWorkSpace/Collector/app/src/main/java/com/kfaino/diapertracker/LanSyncHelper.kt:46:38 'formatIpAddress(Int): String!' is deprecated. Deprecated in Java
w: file:///F:/LANShare/AgentWorkSpace/Collector/app/src/main/java/com/kfaino/diapertracker/LendingVoucherGenerator.kt:34:9 Parameter 'context' is never used
w: file:///F:/LANShare/AgentWorkSpace/Collector/app/src/main/java/com/kfaino/diapertracker/LendingVoucherGenerator.kt:215:64 Parameter 'title' is never used
w: file:///F:/LANShare/AgentWorkSpace/Collector/app/src/main/java/com/kfaino/diapertracker/LifeCapsulePosterGenerator.kt:165:17 Variable 'linePaint' is never used
w: file:///F:/LANShare/AgentWorkSpace/Collector/app/src/main/java/com/kfaino/diapertracker/LifeCapsulePosterGenerator.kt:313:63 Parameter 'title' is never used
w: file:///F:/LANShare/AgentWorkSpace/Collector/app/src/main/java/com/kfaino/diapertracker/MaintenanceManagerDialog.kt:372:13 Parameter 'costStr' is never used, could be renamed to _
w: file:///F:/LANShare/AgentWorkSpace/Collector/app/src/main/java/com/kfaino/diapertracker/NfcHelper.kt:133:30 'getParcelableArrayExtra(String!): Array<(out) Parcelable!>?' is deprecated. Deprecated in Java
w: file:///F:/LANShare/AgentWorkSpace/Collector/app/src/main/java/com/kfaino/diapertracker/ProfileFragment.kt:134:23 No cast needed
w: file:///F:/LANShare/AgentWorkSpace/Collector/app/src/main/java/com/kfaino/diapertracker/ProfileFragment.kt:524:34 'getter for connectionInfo: WifiInfo!' is deprecated. Deprecated in Java
w: file:///F:/LANShare/AgentWorkSpace/Collector/app/src/main/java/com/kfaino/diapertracker/ProfileFragment.kt:524:50 'getter for ipAddress: Int' is deprecated. Deprecated in Java
w: file:///F:/LANShare/AgentWorkSpace/Collector/app/src/main/java/com/kfaino/diapertracker/RoboticGraspTopologyApi.kt:16:42 Parameter 'weightGrams' is never used
w: file:///F:/LANShare/AgentWorkSpace/Collector/app/src/main/java/com/kfaino/diapertracker/RoomManagerDialog.kt:154:9 Parameter 'store' is never used
w: file:///F:/LANShare/AgentWorkSpace/Collector/app/src/main/java/com/kfaino/diapertracker/RoomManagerDialog.kt:157:9 Parameter 'editIndex' is never used
w: file:///F:/LANShare/AgentWorkSpace/Collector/app/src/main/java/com/kfaino/diapertracker/SmartIntakeHelper.kt:37:9 Parameter 'context' is never used
w: file:///F:/LANShare/AgentWorkSpace/Collector/app/src/main/java/com/kfaino/diapertracker/SmartPacklistEngine.kt:18:26 Parameter 'store' is never used
w: file:///F:/LANShare/AgentWorkSpace/Collector/app/src/main/java/com/kfaino/diapertracker/StorageCleanupDialog.kt:4:20 'ProgressDialog' is deprecated. Deprecated in Java
w: file:///F:/LANShare/AgentWorkSpace/Collector/app/src/main/java/com/kfaino/diapertracker/StorageCleanupDialog.kt:150:30 'setter for progress: Int' is deprecated. Deprecated in Java
w: file:///F:/LANShare/AgentWorkSpace/Collector/app/src/main/java/com/kfaino/diapertracker/StorageCleanupDialog.kt:151:30 'setMessage(CharSequence!): Unit' is deprecated. Deprecated in Java
w: file:///F:/LANShare/AgentWorkSpace/Collector/app/src/main/java/com/kfaino/diapertracker/TimelineFragment.kt:35:31 Parameter 'pos' is never used, could be renamed to _
w: file:///F:/LANShare/AgentWorkSpace/Collector/app/src/main/java/com/kfaino/diapertracker/VaultAlertAggregator.kt:25:25 Parameter 'context' is never used
w: file:///F:/LANShare/AgentWorkSpace/Collector/app/src/main/java/com/kfaino/diapertracker/ViewExt.kt:24:37 'FLAG_IGNORE_GLOBAL_SETTING: Int' is deprecated. Deprecated in Java

> Task :app:compileDebugJavaWithJavac
> Task :app:dexBuilderDebug
> Task :app:processDebugJavaRes
> Task :app:mergeDebugGlobalSynthetics
> Task :app:bundleDebugClassesToCompileJar
> Task :app:mergeProjectDexDebug
> Task :app:mergeDebugJavaResource
> Task :app:packageDebug
> Task :app:createDebugApkListingFileRedirect
> Task :app:assembleDebug
> Task :app:compileDebugAndroidTestKotlin
> Task :app:compileDebugAndroidTestJavaWithJavac NO-SOURCE
> Task :app:dexBuilderDebugAndroidTest
> Task :app:mergeDebugAndroidTestGlobalSynthetics
> Task :app:processDebugAndroidTestJavaRes
> Task :app:mergeProjectDexDebugAndroidTest
> Task :app:mergeDebugAndroidTestJavaResource
> Task :app:packageDebugAndroidTest
> Task :app:createDebugAndroidTestApkListingFileRedirect
> Task :app:assembleDebugAndroidTest

BUILD SUCCESSFUL in 1m 18s
69 actionable tasks: 67 executed, 2 up-to-date
