> Task :shared:checkKotlinGradlePluginConfigurationErrors
> Task :shared:processResources NO-SOURCE
> Task :shared:processTestResources NO-SOURCE
> Task :desktop:checkKotlinGradlePluginConfigurationErrors
> Task :desktop:processResources UP-TO-DATE
> Task :app:checkKotlinGradlePluginConfigurationErrors
> Task :app:preBuild UP-TO-DATE
> Task :app:preReleaseBuild UP-TO-DATE
> Task :app:dataBindingMergeDependencyArtifactsRelease UP-TO-DATE
> Task :app:generateReleaseResValues UP-TO-DATE
> Task :app:generateReleaseResources UP-TO-DATE
> Task :app:mergeReleaseResources UP-TO-DATE
> Task :app:packageReleaseResources UP-TO-DATE
> Task :app:parseReleaseLocalResources UP-TO-DATE
> Task :app:dataBindingGenBaseClassesRelease UP-TO-DATE
> Task :app:checkReleaseAarMetadata UP-TO-DATE
> Task :app:mapReleaseSourceSetPaths UP-TO-DATE
> Task :app:createReleaseCompatibleScreenManifests UP-TO-DATE
> Task :app:extractDeepLinksRelease UP-TO-DATE
> Task :app:processReleaseMainManifest
> Task :app:processReleaseManifest
> Task :app:processReleaseManifestForPackage
> Task :shared:compileKotlin
> Task :shared:compileJava NO-SOURCE
> Task :shared:classes UP-TO-DATE
> Task :shared:jar
> Task :shared:compileTestKotlin
> Task :shared:compileTestJava NO-SOURCE
> Task :shared:testClasses UP-TO-DATE
> Task :app:processReleaseResources
> Task :shared:test

> Task :desktop:compileKotlin
e: file:///F:/LANShare/AgentWorkSpace/Collector/desktop/src/main/kotlin/com/kfaino/collector/desktop/ui/DesktopWorkbench.kt:27:97 None of the following functions can be called with the arguments supplied: 
public open fun add(p0: Component!): Component! defined in javax.swing.JPanel
public open fun add(p0: PopupMenu!): Unit defined in javax.swing.JPanel
e: file:///F:/LANShare/AgentWorkSpace/Collector/desktop/src/main/kotlin/com/kfaino/collector/desktop/ui/DesktopWorkbench.kt:30:146 Unresolved reference: text

> Task :desktop:compileKotlin FAILED

> Task :app:compileReleaseKotlin
FAILURE: Build failed with an exception.

* What went wrong:
Execution failed for task ':desktop:compileKotlin'.
> A failure occurred while executing org.jetbrains.kotlin.compilerRunner.GradleCompilerRunnerWithWorkers$GradleKotlinCompilerWorkAction
   > Compilation error. See log for more details

* Try:
> Run with --stacktrace option to get the stack trace.
> Run with --info or --debug option to get more log output.
> Run with --scan to get full insights.
> Get more help at https://help.gradle.org.

BUILD FAILED in 21s
24 actionable tasks: 13 executed, 11 up-to-date
