Performing Streamed Install
Success

Performing Streamed Install
Success

INSTRUMENTATION_STATUS: class=com.kfaino.diapertracker.VaultSchemaMigrationTest
INSTRUMENTATION_STATUS: current=1
INSTRUMENTATION_STATUS: id=AndroidJUnitRunner
INSTRUMENTATION_STATUS: numtests=1
INSTRUMENTATION_STATUS: stream=
com.kfaino.diapertracker.VaultSchemaMigrationTest:
INSTRUMENTATION_STATUS: test=release436KeysMigrateWithoutLosingLocalOrUnknownFields
INSTRUMENTATION_STATUS_CODE: 1
INSTRUMENTATION_STATUS: class=com.kfaino.diapertracker.VaultSchemaMigrationTest
INSTRUMENTATION_STATUS: current=1
INSTRUMENTATION_STATUS: id=AndroidJUnitRunner
INSTRUMENTATION_STATUS: numtests=1
INSTRUMENTATION_STATUS: stream=.
INSTRUMENTATION_STATUS: test=release436KeysMigrateWithoutLosingLocalOrUnknownFields
INSTRUMENTATION_STATUS_CODE: 0
INSTRUMENTATION_RESULT: stream=

Time: 0.253

OK (1 test)


INSTRUMENTATION_CODE: -1

INSTRUMENTATION_STATUS: class=com.kfaino.diapertracker.WebDavLiveDeviceTest
INSTRUMENTATION_STATUS: current=1
INSTRUMENTATION_STATUS: id=AndroidJUnitRunner
INSTRUMENTATION_STATUS: numtests=1
INSTRUMENTATION_STATUS: stream=
com.kfaino.diapertracker.WebDavLiveDeviceTest:
INSTRUMENTATION_STATUS: test=publicHttpsUploadDownloadAndRestoreAllCollections
INSTRUMENTATION_STATUS_CODE: 1
INSTRUMENTATION_STATUS: class=com.kfaino.diapertracker.WebDavLiveDeviceTest
INSTRUMENTATION_STATUS: current=1
INSTRUMENTATION_STATUS: id=AndroidJUnitRunner
INSTRUMENTATION_STATUS: numtests=1
INSTRUMENTATION_STATUS: stream=.
INSTRUMENTATION_STATUS: test=publicHttpsUploadDownloadAndRestoreAllCollections
INSTRUMENTATION_STATUS_CODE: 0
INSTRUMENTATION_RESULT: stream=

Time: 8.065

OK (1 test)


INSTRUMENTATION_CODE: -1

PASS desktop actual HTTPS round trip and Android-to-desktop restore
PASS cleaned only owned QA directory/configs
